../Core/Src/main.c:76:6:print_text	72	static
../Core/Src/main.c:101:1:__io_putchar	16	static
../Core/Src/main.c:117:5:main	24	static
../Core/Src/main.c:213:6:SystemClock_Config	88	static
../Core/Src/main.c:259:13:MX_I2S3_Init	8	static
../Core/Src/main.c:293:13:MX_SPI1_Init	8	static
../Core/Src/main.c:331:13:MX_USART3_UART_Init	8	static
../Core/Src/main.c:364:13:MX_GPIO_Init	56	static
../Core/Src/main.c:460:6:HAL_UART_RxCpltCallback	24	static
../Core/Src/main.c:478:6:Error_Handler	4	static,ignoring_inline_asm
